    Checking stfsc_engine v0.1.0 (/home/netcat/Downloads/STFSC engine)
warning: variable `audio_source_count` is assigned to, but never used
   --> src/main.rs:472:33
    |
472 |                         let mut audio_source_count = 0;
    |                                 ^^^^^^^^^^^^^^^^^^
    |
    = note: consider using `_audio_source_count` instead
    = note: `#[warn(unused_variables)]` on by default

warning: `stfsc_engine` (bin "stfsc_engine") generated 1 warning
    Finished `dev` profile [unoptimized + debuginfo] target(s) in 1.22s
